python : Traceback 
(most recent call 
last):
At line:1 char:1
+ python 
test_parser.py > 
test_output.txt 2>&1
+ ~~~~~~~~~~~~~~~~~~~~
~~~~~~~~~~~~~~~~~~~~~~
~~
    + CategoryInfo    
          : NotSpeci  
  fied: (Traceback    
 (most recent call    
 last)::String) [    
], RemoteExceptio    n
    + FullyQualifiedE 
   rrorId : NativeCo  
  mmandError
 
  File "C:\Users\Neha 
Fathima\OneDrive\Deskt
op\Klh-prj\test_parser
.py", line 82, in 
<module>
    code = f.read()
  File "C:\Users\Neha 
Fathima\AppData\Local\
Programs\Python\Python
314\Lib\encodings\cp12
52.py", line 23, in 
decode
    return codecs.char
map_decode(input,self.
errors,decoding_table)
[0]
           ~~~~~~~~~~~
~~~~~~~~~~^^^^^^^^^^^^
^^^^^^^^^^^^^^^^^^^^^^
UnicodeDecodeError: 
'charmap' codec can't 
decode byte 0x8f in 
position 5282: 
character maps to 
<undefined>
==================================================
CHECKING ALL IMPORTS AND DEPENDENCIES
==================================================

[1] Testing parser.py imports...
    OK - all functions imported

[2] Testing agent.py imports...
    OK - all functions imported

[3] Testing benchmark_db.json...
    OK - 47 tests loaded

[4] Testing sample PDF parsing...
    OK - 37 tests extracted
    First: {'test_name': 'Hemoglobin', 'value': 10.2, 'unit': 'g/dL', 'ref_range_text': '12.0 - 17.5'}

[5] Testing benchmark comparison...
    OK - {'total': 37, 'normal': 24, 'low': 4, 'high': 9, 'unknown': 0}

[6] Testing app.py imports (modules only)...
    FAIL - 'charmap' codec can't decode byte 0x8f in position 5282: character maps to <undefined>

==================================================
FOUND 1 ERROR(S):
  - app.py: 'charmap' codec can't decode byte 0x8f in position 5282: character maps to <undefined>
==================================================
